Script started on Thu 22 Mar 2018 09:43:08 PM EDT
phamdav7@dh2020pc18:~/209/w10$ exitgdb bufserverexit[Kgdb bufserverexit[K./randclient 127.0.0.1
phamdav7@dh2020pc18:~/209/w10$ dgb[K[K[Kgdb randl[Kclient
GNU gdb (Ubuntu 7.11.1-0ubuntu1~16.5) 7.11.1
Copyright (C) 2016 Free Software Foundation, Inc.
License GPLv3+: GNU GPL version 3 or later <http://gnu.org/licenses/gpl.html>
This is free software: you are free to change and redistribute it.
There is NO WARRANTY, to the extent permitted by law.  Type "show copying"
and "show warranty" for details.
This GDB was configured as "x86_64-linux-gnu".
Type "show configuration" for configuration details.
For bug reporting instructions, please see:
<http://www.gnu.org/software/gdb/bugs/>.
Find the GDB manual and other documentation resources online at:
<http://www.gnu.org/software/gdb/documentation/>.
For help, type "help".
Type "apropos word" to search for commands related to "word"...
randclient: No such file or directory.
(gdb) break main
No symbol table is loaded.  Use the "file" command.
Make breakpoint pending on future shared library load? (y or [n]) y
Breakpoint 1 (main) pending.
(gdb) break main[K[K[K[K[K[K[K[K[K[Krun 127.0.0.1
Starting program:  127.0.0.1
No executable file specified.
Use the "file" or "exec-file" command.
(gdb) next
The program is not being run.
(gdb) run bufserver 127[K[K[K[K[K[K[K[K[K[K[K[K[Krandclient 1270.[K[K.0.0.1
Starting program:  randclient 127.0.0.1
No executable file specified.
Use the "file" or "exec-file" command.
(gdb) ls
Undefined command: "ls".  Try "help".
(gdb) quit
phamdav7@dh2020pc18:~/209/w10$ exit
exit

Script done on Thu 22 Mar 2018 09:50:15 PM EDT
